Download the Vue Devtools extension for a better development experience:
https://github.com/vuejs/vue-devtools
vue.js:8553 You are running Vue in development mode.
Make sure to turn on production mode when deploying for production.
See more tips at https://vuejs.org/guide/deployment.html
module-financiamiento:1122 {"res":true}
VM902:3 reversion de estilos
VM912:2420 📋 Campo de verificación domiciliaria ocultado (no es vehicular)
VM903:328 Asignando event listeners nuevamente
VM916:1219 Fecha y hora seteadas: 2025-12-17T14:42
VM914:139 ✅ Formateo automático de placa configurado
VM914:145 ✅ placaManager.js inicializado
VM915:123 ✅ Formateo automático de número corporativo configurado
VM915:129 ✅ numeroCorporativoManager.js inicializado
VM912:2462 🔒 Frecuencia de pago bloqueada (no es vehicular)
VM906:565 Antes de la function
VM906:575 {financiamientos: Array(2), conductor: {…}, direccion: {…}}
VM904:226 Datos recibidos: {tipo_doc: 'DNI', nro_documento: '77425200', nombre_completo: 'EMER RODRIGO YARLEQUE ZAPATA', numeroCodFi: '0', numUnidad: 5}
VM916:1440 744
VM916:1451 744
VM906:565 Antes de la function
VM906:575 {financiamientos: Array(1), conductor: {…}, direccion: {…}}
VM904:226 Datos recibidos: {tipo_doc: 'DNI', nro_documento: '77425200', nombre_completo: 'EMER RODRIGO YARLEQUE ZAPATA', numeroCodFi: '0', numUnidad: 5}
VM916:1440 743
VM916:1451 743
VM904:287 ➕ Click en Nuevo Financiamiento - Ocultando papelera
VM904:280 📋 Click en Lista de Clientes - Ocultando papelera
VM904:287 ➕ Click en Nuevo Financiamiento - Ocultando papelera
VM908:191 Datos recibidos en searchNumDoc: [{…}]
VM908:253 Registro seleccionado: {id_conductor: 425, nro_documento: '77425200', nombres: 'EMER RODRIGO', apellido_paterno: 'YARLEQUE', apellido_materno: 'ZAPATA', …}
VM912:2120 ID de variante limpiado
VM912:2701 🗑️ Valores originales del plan limpiados
VM912:129 ✅ Sección de productos mostrada
VM912:4088 📦 Plan 46 - Cargando todos los productos (sin filtro)
VM912:4195 ✅ Resumen actualizado: FINANCIAMIENTO (Plan 46)
VM901:253 Valor seleccionado en grupo: 46
VM912:2120 ID de variante limpiado
VM912:2701 🗑️ Valores originales del plan limpiados
VM912:129 ✅ Sección de productos mostrada
VM912:4088 📦 Plan 46 - Cargando todos los productos (sin filtro)
VM912:4195 ✅ Resumen actualizado: FINANCIAMIENTO (Plan 46)
VM912:2462 🔒 Frecuencia de pago bloqueada (no es vehicular)
VM912:2420 📋 Campo de verificación domiciliaria ocultado (no es vehicular)
VM915:9 🔍 Verificando si mostrar campo número corporativo...
VM915:18 📋 Plan seleccionado: 46 - Es Corporativo CLARO: false
VM912:405 el plan seleccionado es:  {idplan_financiamiento: 46, nombre_plan: 'GPS', cuota_inicial: '267.80', monto_cuota: '133.85', cantidad_cuotas: '2.00', …}
VM902:3 reversion de estilos
7VM912:770 bloqueo de inputs
VM912:2183 Monto de inscripción habilitado para edición manual (no vehicular)
VM912:2866 ✅ Usuario con permisos (Director/Asesor) - fechas COMPLETAMENTE habilitadas (plan sin fechas definidas)
VM912:3096 ✅ Usuario con permisos (Director/Asesor) - cuota inicial COMPLETAMENTE habilitada
VM912:2706 🔒 Verificando y manteniendo campos especiales según configuración del plan
VM912:2462 🔒 Frecuencia de pago bloqueada (no es vehicular)
VM912:2420 📋 Campo de verificación domiciliaria ocultado (no es vehicular)
VM915:9 🔍 Verificando si mostrar campo número corporativo...
VM915:18 📋 Plan seleccionado: 46 - Es Corporativo CLARO: false
VM912:405 el plan seleccionado es:  {idplan_financiamiento: 46, nombre_plan: 'GPS', cuota_inicial: '267.80', monto_cuota: '133.85', cantidad_cuotas: '2.00', …}
VM902:3 reversion de estilos
7VM912:770 bloqueo de inputs
VM912:2183 Monto de inscripción habilitado para edición manual (no vehicular)
VM912:2866 ✅ Usuario con permisos (Director/Asesor) - fechas COMPLETAMENTE habilitadas (plan sin fechas definidas)
VM912:3096 ✅ Usuario con permisos (Director/Asesor) - cuota inicial COMPLETAMENTE habilitada
VM912:2706 🔒 Verificando y manteniendo campos especiales según configuración del plan
VM912:2980 🛡️ Observer de protección activado para fechaInicio
VM912:3520 🛡️ Observer de protección activado para cuotaInicial
VM912:2980 🛡️ Observer de protección activado para fechaInicio
VM912:3520 🛡️ Observer de protección activado para cuotaInicial
VM912:1613 habilitando campos marcados vacíos
VM912:1617 🔍 Nombre del plan obtenido: GPS
VM912:1620 🔍 Es plan especial (llantas/aceite/baterías): false
VM912:1635 🔍 Campos a resaltar: []
VM912:1696 🔍 Procesando campo: cuotaInicial
VM912:1720 🔒 BLOQUEANDO campo: cuotaInicial (bloqueo por defecto)
VM912:1731 ✅ Campo cuotaInicial - disabled: true, readOnly: true
VM912:1696 🔍 Procesando campo: montoRecalculado
VM912:1720 🔒 BLOQUEANDO campo: montoRecalculado (bloqueo por defecto)
VM912:1731 ✅ Campo montoRecalculado - disabled: true, readOnly: true
VM912:1696 🔍 Procesando campo: tasaInteres
VM912:1720 🔒 BLOQUEANDO campo: tasaInteres (bloqueo por defecto)
VM912:1731 ✅ Campo tasaInteres - disabled: true, readOnly: true
VM912:1696 🔍 Procesando campo: valorCuota
VM912:1720 🔒 BLOQUEANDO campo: valorCuota (bloqueo por defecto)
VM912:1731 ✅ Campo valorCuota - disabled: true, readOnly: true
VM912:1696 🔍 Procesando campo: fechaInicio
VM912:1720 🔒 BLOQUEANDO campo: fechaInicio (bloqueo por defecto)
VM912:1731 ✅ Campo fechaInicio - disabled: true, readOnly: true
VM912:1696 🔍 Procesando campo: fechaFin
VM912:1720 🔒 BLOQUEANDO campo: fechaFin (bloqueo por defecto)
VM912:1731 ✅ Campo fechaFin - disabled: true, readOnly: true
VM912:1696 🔍 Procesando campo: cuotas
VM912:1720 🔒 BLOQUEANDO campo: cuotas (bloqueo por defecto)
VM912:1731 ✅ Campo cuotas - disabled: true, readOnly: true
VM903:328 Asignando event listeners nuevamente
VM909:263 funciona calcularMonto
VM909:267 ⚠️ No hay producto seleccionado o no tiene precio
VM912:2213 Nombre del plan actual: GPS
VM912:2956 🛡️ PROTECCIÓN: Restaurados estilos de interacción (Director)
VM912:2942 🛡️ PROTECCIÓN: Revertido intento de bloqueo en fechaInicio (Director)
VM912:3493 🛡️ PROTECCIÓN: Restaurados estilos de interacción en cuotaInicial
VM912:3480 🛡️ PROTECCIÓN: Revertido intento de bloqueo en cuotaInicial
VM912:2866 ✅ Usuario con permisos (Director/Asesor) - fechas COMPLETAMENTE habilitadas (plan sin fechas definidas)
VM912:3096 ✅ Usuario con permisos (Director/Asesor) - cuota inicial COMPLETAMENTE habilitada
VM912:1613 habilitando campos marcados vacíos
VM912:1617 🔍 Nombre del plan obtenido: GPS
VM912:1620 🔍 Es plan especial (llantas/aceite/baterías): false
VM912:1635 🔍 Campos a resaltar: []
VM912:1696 🔍 Procesando campo: cuotaInicial
VM912:1720 🔒 BLOQUEANDO campo: cuotaInicial (bloqueo por defecto)
VM912:1731 ✅ Campo cuotaInicial - disabled: true, readOnly: true
VM912:1696 🔍 Procesando campo: montoRecalculado
VM912:1720 🔒 BLOQUEANDO campo: montoRecalculado (bloqueo por defecto)
VM912:1731 ✅ Campo montoRecalculado - disabled: true, readOnly: true
VM912:1696 🔍 Procesando campo: tasaInteres
VM912:1720 🔒 BLOQUEANDO campo: tasaInteres (bloqueo por defecto)
VM912:1731 ✅ Campo tasaInteres - disabled: true, readOnly: true
VM912:1696 🔍 Procesando campo: valorCuota
VM912:1720 🔒 BLOQUEANDO campo: valorCuota (bloqueo por defecto)
VM912:1731 ✅ Campo valorCuota - disabled: true, readOnly: true
VM912:1696 🔍 Procesando campo: fechaInicio
VM912:1720 🔒 BLOQUEANDO campo: fechaInicio (bloqueo por defecto)
VM912:1731 ✅ Campo fechaInicio - disabled: true, readOnly: true
VM912:1696 🔍 Procesando campo: fechaFin
VM912:1720 🔒 BLOQUEANDO campo: fechaFin (bloqueo por defecto)
VM912:1731 ✅ Campo fechaFin - disabled: true, readOnly: true
VM912:1696 🔍 Procesando campo: cuotas
VM912:1720 🔒 BLOQUEANDO campo: cuotas (bloqueo por defecto)
VM912:1731 ✅ Campo cuotas - disabled: true, readOnly: true
VM903:328 Asignando event listeners nuevamente
VM909:263 funciona calcularMonto
VM909:267 ⚠️ No hay producto seleccionado o no tiene precio
VM912:2213 Nombre del plan actual: GPS
VM912:2956 🛡️ PROTECCIÓN: Restaurados estilos de interacción (Director)
VM912:2942 🛡️ PROTECCIÓN: Revertido intento de bloqueo en fechaInicio (Director)
VM912:3493 🛡️ PROTECCIÓN: Restaurados estilos de interacción en cuotaInicial
VM912:3480 🛡️ PROTECCIÓN: Revertido intento de bloqueo en cuotaInicial
VM912:2866 ✅ Usuario con permisos (Director/Asesor) - fechas COMPLETAMENTE habilitadas (plan sin fechas definidas)
VM912:3096 ✅ Usuario con permisos (Director/Asesor) - cuota inicial COMPLETAMENTE habilitada
VM910:746 🚀 EJECUTANDO: calcularCronogramaDinamico() - Función dinámica
VM910:747 🔍 Plan actual en calcularCronogramaDinamico: ID 46
VM910:831 🔄 Otros planes - Valor cuota actual: 133.85
VM910:863 🔄 Frecuencia utilizada en cronograma dinámico: quincenal - Select habilitado: false
VM910:964 No es plan vehicular semanal - manteniendo fecha original: Wed Dec 17 2025 00:00:00 GMT-0500 (hora estándar de Perú)
VM910:980 ✅ Cuota inicial detectada (267.8) - Primera cuota vence 15 días después: 1/1/2026
VM910:983 🔍 VERIFICANDO CONDICIONES PARA PRIMERA CUOTA:
VM910:984 🔍 planGlobal existe: true
VM910:985 🔍 planGlobal.idplan_financiamiento: 46
VM910:989 🔍 parseInt(idplan): 46
VM910:993 🔍 ¿Es ID 36? false
VM910:997 🔍 ¿Es ID 2,3,4? false
VM910:1188 🚗 DEBUG (Plan) - NO es plan con cuotas adelantadas o planGlobal no existe
VM910:1190 🚗 FINAL (Plan) - Cuotas adelantadas a marcar como PAGADO: 0
VM910:1207 🏍️ (Plan) Cuota 1: planGlobal.id=46, numeroCuota=1, cuotasAdelantadas=0, estaPagada=false
VM910:1207 🏍️ (Plan) Cuota 2: planGlobal.id=46, numeroCuota=2, cuotasAdelantadas=0, estaPagada=false
VM910:1254 Datos del cronograma antes de generar PDF: (2) [{…}, {…}]
VM910:746 🚀 EJECUTANDO: calcularCronogramaDinamico() - Función dinámica
VM910:747 🔍 Plan actual en calcularCronogramaDinamico: ID 46
VM910:831 🔄 Otros planes - Valor cuota actual: 133.85
VM910:863 🔄 Frecuencia utilizada en cronograma dinámico: quincenal - Select habilitado: false
VM910:964 No es plan vehicular semanal - manteniendo fecha original: Wed Dec 17 2025 00:00:00 GMT-0500 (hora estándar de Perú)
VM910:980 ✅ Cuota inicial detectada (267.8) - Primera cuota vence 15 días después: 1/1/2026
VM910:983 🔍 VERIFICANDO CONDICIONES PARA PRIMERA CUOTA:
VM910:984 🔍 planGlobal existe: true
VM910:985 🔍 planGlobal.idplan_financiamiento: 46
VM910:989 🔍 parseInt(idplan): 46
VM910:993 🔍 ¿Es ID 36? false
VM910:997 🔍 ¿Es ID 2,3,4? false
VM910:1188 🚗 DEBUG (Plan) - NO es plan con cuotas adelantadas o planGlobal no existe
VM910:1190 🚗 FINAL (Plan) - Cuotas adelantadas a marcar como PAGADO: 0
VM910:1207 🏍️ (Plan) Cuota 1: planGlobal.id=46, numeroCuota=1, cuotasAdelantadas=0, estaPagada=false
VM910:1207 🏍️ (Plan) Cuota 2: planGlobal.id=46, numeroCuota=2, cuotasAdelantadas=0, estaPagada=false
VM910:1254 Datos del cronograma antes de generar PDF: (2) [{…}, {…}]
VM912:2706 🔒 Verificando y manteniendo campos especiales según configuración del plan
VM912:2866 ✅ Usuario con permisos (Director/Asesor) - fechas COMPLETAMENTE habilitadas (plan sin fechas definidas)
VM912:2980 🛡️ Observer de protección activado para fechaInicio
VM912:3096 ✅ Usuario con permisos (Director/Asesor) - cuota inicial COMPLETAMENTE habilitada
VM912:3520 🛡️ Observer de protección activado para cuotaInicial
VM912:2706 🔒 Verificando y manteniendo campos especiales según configuración del plan
VM912:2866 ✅ Usuario con permisos (Director/Asesor) - fechas COMPLETAMENTE habilitadas (plan sin fechas definidas)
VM912:2980 🛡️ Observer de protección activado para fechaInicio
VM912:3096 ✅ Usuario con permisos (Director/Asesor) - cuota inicial COMPLETAMENTE habilitada
VM912:3520 🛡️ Observer de protección activado para cuotaInicial
VM909:122 📦 Producto seleccionado con categoría: {id: '61', nombre: 'Producto Falso prueba', codigo: '01244457575748', cantidad: '987', unidad_medida: 'N/A', …}
VM912:4231 ✅ Producto actualizado en resumen: Producto Falso prueba
VM914:11 🔍 Verificando si mostrar campo placa...
VM914:20 📋 Plan seleccionado: 46 - Es IncaMotors: false
VM909:263 funciona calcularMonto
VM909:271 el valor obtenido es: 60.00
VM909:275 el valor del precio de la variable precio es:
VM909:276 60
VM909:279 Valor crudo del input cantidad: 1
VM909:281 Cantidad ingresada: 1
VM910:2 🚀 EJECUTANDO: calcularFinanciamiento() - Función principal
VM910:3 Entrando a calcularFinanciamiento...
VM910:133 📊 montoSinInteresesRaw: 60.00 -> parseado: 60
VM910:148 🔄 Frecuencia utilizada en calcularFinanciamiento: quincenal - Select habilitado: false - Frecuencia del plan global: quincenal
VM910:158 Valores iniciales:  {montoRaw: '535.50', cuotaInicialRaw: '267.80', tasaInteresRaw: '7.10', frecuenciaPago: 'quincenal', tipoMoneda: 'Dólares'}
VM910:172 💰 Usando monto del plan global: 535.5
VM910:182 Monto total final: 535.5
VM910:193 Valores parseados:  {montoTotal: 535.5, cuotaInicial: 267.8, tasaInteres: 0.071, fechaInicio: '2025-12-17'}
VM910:249 Cantidad de cuotas válida:  2
VM910:255 Tasa de interés por período:  0.002958333333333333
VM910:301 Valor de la cuota calculado:  133.85
VM910:342 Valor de la cuota seteado en el input
VM910:464 📅 Día original de la primera cuota: 17
VM910:466 Primera fecha de vencimiento: 17/12/2025
VM910:471 Calculando fechas de vencimiento...
VM910:526 Fecha 1:  1/1/2026
VM910:553 🔍 EJECUTANDO: mostrarFechasVencimiento() con fechas: (2) [Wed Dec 17 2025 00:00:00 GMT-0500 (hora estándar de Perú), Thu Jan 01 2026 00:00:00 GMT-0500 (hora estándar de Perú)]
VM910:557 🔍 Plan actual: ID 46
VM910:615 🚗 DEBUG - NO es plan con cuotas adelantadas o planGlobal no existe
VM910:617 🚗 FINAL - Cuotas adelantadas a marcar como PAGADO: 0
VM910:642 🏍️ Cuota 1: planGlobal.id=46, numeroCuota=1, cuotasAdelantadas=0, estaPagada=false
VM910:642 🏍️ Cuota 2: planGlobal.id=46, numeroCuota=2, cuotasAdelantadas=0, estaPagada=false
VM910:539 Fecha fin calculada y seteada:  2026-01-01
VM909:295 Monto calculado para plan NO celular: 60
VM909:263 funciona calcularMonto
VM909:271 el valor obtenido es: 60.00
VM909:275 el valor del precio de la variable precio es:
VM909:276 60
VM909:279 Valor crudo del input cantidad: 1
VM909:281 Cantidad ingresada: 1
VM910:2 🚀 EJECUTANDO: calcularFinanciamiento() - Función principal
VM910:3 Entrando a calcularFinanciamiento...
VM910:133 📊 montoSinInteresesRaw: 60.00 -> parseado: 60
VM910:148 🔄 Frecuencia utilizada en calcularFinanciamiento: quincenal - Select habilitado: false - Frecuencia del plan global: quincenal
VM910:158 Valores iniciales:  {montoRaw: '535.50', cuotaInicialRaw: '267.80', tasaInteresRaw: '7.10', frecuenciaPago: 'quincenal', tipoMoneda: 'Dólares'}
VM910:172 💰 Usando monto del plan global: 535.5
VM910:182 Monto total final: 535.5
VM910:193 Valores parseados:  {montoTotal: 535.5, cuotaInicial: 267.8, tasaInteres: 0.071, fechaInicio: '2025-12-17'}
VM910:249 Cantidad de cuotas válida:  2
VM910:255 Tasa de interés por período:  0.002958333333333333
VM910:301 Valor de la cuota calculado:  133.85
VM910:342 Valor de la cuota seteado en el input
VM910:464 📅 Día original de la primera cuota: 17
VM910:466 Primera fecha de vencimiento: 17/12/2025
VM910:471 Calculando fechas de vencimiento...
VM910:526 Fecha 1:  1/1/2026
VM910:553 🔍 EJECUTANDO: mostrarFechasVencimiento() con fechas: (2) [Wed Dec 17 2025 00:00:00 GMT-0500 (hora estándar de Perú), Thu Jan 01 2026 00:00:00 GMT-0500 (hora estándar de Perú)]
VM910:557 🔍 Plan actual: ID 46
VM910:615 🚗 DEBUG - NO es plan con cuotas adelantadas o planGlobal no existe
VM910:617 🚗 FINAL - Cuotas adelantadas a marcar como PAGADO: 0
VM910:642 🏍️ Cuota 1: planGlobal.id=46, numeroCuota=1, cuotasAdelantadas=0, estaPagada=false
VM910:642 🏍️ Cuota 2: planGlobal.id=46, numeroCuota=2, cuotasAdelantadas=0, estaPagada=false
VM910:539 Fecha fin calculada y seteada:  2026-01-01
VM909:295 Monto calculado para plan NO celular: 60
VM910:1592 🔄 INICIANDO recalcularMonto()
VM910:1593 🔍 productoSeleccionado: {id: '61', nombre: 'Producto Falso prueba', codigo: '01244457575748', cantidad: '987', unidad_medida: 'N/A', …}
VM910:1594 🔍 planGlobal: {idplan_financiamiento: 46, nombre_plan: 'GPS', cuota_inicial: '267.80', monto_cuota: '133.85', cantidad_cuotas: '2.00', …}
VM910:1617 🔄 Frecuencia utilizada en recalcularMonto: quincenal - Select habilitado: false
VM910:1623 🔍 Valores iniciales recalcularMonto: {precioVenta: 60, montoSinIntereses: 500, montoTotal: 535.5, cantidadCuotas: 2, valorCuota: 133.85, …}
VM910:1650 Número de cuota inicial obtenido del HTML: 1
VM910:1592 🔄 INICIANDO recalcularMonto()
VM910:1593 🔍 productoSeleccionado: {id: '61', nombre: 'Producto Falso prueba', codigo: '01244457575748', cantidad: '987', unidad_medida: 'N/A', …}
VM910:1594 🔍 planGlobal: {idplan_financiamiento: 46, nombre_plan: 'GPS', cuota_inicial: '267.80', monto_cuota: '133.85', cantidad_cuotas: '2.00', …}
VM910:1617 🔄 Frecuencia utilizada en recalcularMonto: quincenal - Select habilitado: false
VM910:1623 🔍 Valores iniciales recalcularMonto: {precioVenta: 60, montoSinIntereses: 500, montoTotal: 535.5, cantidadCuotas: 2, valorCuota: 133.85, …}
VM910:1650 Número de cuota inicial obtenido del HTML: 1